---
source: crates/hwpx/src/namespace/head.rs
expression: memo_properties
---
MemoShapeType {
    id: 1,
    width: 2000,
    line_width: _0_25,
    line_type: Solid,
    line_color: RgbColorType(
        Some(
            (
                255,
                0,
                0,
            ),
        ),
    ),
    fill_color: RgbColorType(
        Some(
            (
                255,
                255,
                0,
            ),
        ),
    ),
    active_color: RgbColorType(
        Some(
            (
                0,
                255,
                0,
            ),
        ),
    ),
    memo_type: Normal,
}
