---
source: crates/hwpx/src/namespace/head.rs
expression: numbering_type
---
NumberingType {
    id: 1,
    start: 0,
    heads: [
        ParagraphHeadType {
            start: 1,
            level: 1,
            align: Left,
            use_inset_width: true,
            auto_indent: true,
            width_adjust: 0,
            text_offset_type: Percent,
            text_offset: 50,
            number_format: Digit,
            char_pr_id_ref: Some(
                4294967295,
            ),
            checkable: Some(
                false,
            ),
            text: Some(
                "^1.",
            ),
        },
        ParagraphHeadType {
            start: 1,
            level: 2,
            align: Left,
            use_inset_width: true,
            auto_indent: true,
            width_adjust: 0,
            text_offset_type: Percent,
            text_offset: 50,
            number_format: HangulSyllable,
            char_pr_id_ref: Some(
                4294967295,
            ),
            checkable: Some(
                false,
            ),
            text: Some(
                "^2.",
            ),
        },
        ParagraphHeadType {
            start: 1,
            level: 3,
            align: Left,
            use_inset_width: true,
            auto_indent: true,
            width_adjust: 0,
            text_offset_type: Percent,
            text_offset: 50,
            number_format: Digit,
            char_pr_id_ref: Some(
                4294967295,
            ),
            checkable: Some(
                false,
            ),
            text: Some(
                "^3)",
            ),
        },
        ParagraphHeadType {
            start: 1,
            level: 4,
            align: Left,
            use_inset_width: true,
            auto_indent: true,
            width_adjust: 0,
            text_offset_type: Percent,
            text_offset: 50,
            number_format: HangulSyllable,
            char_pr_id_ref: Some(
                4294967295,
            ),
            checkable: Some(
                false,
            ),
            text: Some(
                "^4)",
            ),
        },
        ParagraphHeadType {
            start: 1,
            level: 5,
            align: Left,
            use_inset_width: true,
            auto_indent: true,
            width_adjust: 0,
            text_offset_type: Percent,
            text_offset: 50,
            number_format: Digit,
            char_pr_id_ref: Some(
                4294967295,
            ),
            checkable: Some(
                false,
            ),
            text: Some(
                "(^5)",
            ),
        },
        ParagraphHeadType {
            start: 1,
            level: 6,
            align: Left,
            use_inset_width: true,
            auto_indent: true,
            width_adjust: 0,
            text_offset_type: Percent,
            text_offset: 50,
            number_format: HangulSyllable,
            char_pr_id_ref: Some(
                4294967295,
            ),
            checkable: Some(
                false,
            ),
            text: Some(
                "(^6)",
            ),
        },
        ParagraphHeadType {
            start: 1,
            level: 7,
            align: Left,
            use_inset_width: true,
            auto_indent: true,
            width_adjust: 0,
            text_offset_type: Percent,
            text_offset: 50,
            number_format: Circled,
            char_pr_id_ref: Some(
                4294967295,
            ),
            checkable: Some(
                true,
            ),
            text: Some(
                "^7",
            ),
        },
        ParagraphHeadType {
            start: 1,
            level: 8,
            align: Left,
            use_inset_width: true,
            auto_indent: true,
            width_adjust: 0,
            text_offset_type: Percent,
            text_offset: 50,
            number_format: Digit,
            char_pr_id_ref: Some(
                4294967295,
            ),
            checkable: Some(
                false,
            ),
            text: None,
        },
        ParagraphHeadType {
            start: 1,
            level: 9,
            align: Left,
            use_inset_width: true,
            auto_indent: true,
            width_adjust: 0,
            text_offset_type: Percent,
            text_offset: 50,
            number_format: Digit,
            char_pr_id_ref: Some(
                4294967295,
            ),
            checkable: Some(
                false,
            ),
            text: None,
        },
        ParagraphHeadType {
            start: 1,
            level: 10,
            align: Left,
            use_inset_width: true,
            auto_indent: true,
            width_adjust: 0,
            text_offset_type: Percent,
            text_offset: 50,
            number_format: Digit,
            char_pr_id_ref: Some(
                4294967295,
            ),
            checkable: Some(
                false,
            ),
            text: None,
        },
    ],
}
