---
source: crates/hwpx/src/any_element.rs
expression: element
---
AnyElement {
    name: HANCOM__APP__HWP_APPLICATION_SETTING,
    attributes: [],
    children: [
        AnyElement {
            name: HANCOM__APP__CARET_POSITION,
            attributes: [
                (
                    "listIDRef",
                    "0",
                ),
                (
                    "paraIDRef",
                    "6",
                ),
                (
                    "pos",
                    "18",
                ),
            ],
            children: [],
            text: None,
        },
        AnyElement {
            name: OPENDOCUMENT__CONFIG__CONFIG_ITEM_SET,
            attributes: [
                (
                    "name",
                    "PrintInfo",
                ),
            ],
            children: [
                AnyElement {
                    name: OPENDOCUMENT__CONFIG__CONFIG_ITEM,
                    attributes: [
                        (
                            "name",
                            "PrintAutoFootNote",
                        ),
                        (
                            "type",
                            "boolean",
                        ),
                    ],
                    children: [],
                    text: Some(
                        "false",
                    ),
                },
                AnyElement {
                    name: OPENDOCUMENT__CONFIG__CONFIG_ITEM,
                    attributes: [
                        (
                            "name",
                            "PrintAutoHeadNote",
                        ),
                        (
                            "type",
                            "boolean",
                        ),
                    ],
                    children: [],
                    text: Some(
                        "false",
                    ),
                },
                AnyElement {
                    name: OPENDOCUMENT__CONFIG__CONFIG_ITEM,
                    attributes: [
                        (
                            "name",
                            "PrintMethod",
                        ),
                        (
                            "type",
                            "short",
                        ),
                    ],
                    children: [],
                    text: Some(
                        "0",
                    ),
                },
                AnyElement {
                    name: OPENDOCUMENT__CONFIG__CONFIG_ITEM,
                    attributes: [
                        (
                            "name",
                            "OverlapSize",
                        ),
                        (
                            "type",
                            "short",
                        ),
                    ],
                    children: [],
                    text: Some(
                        "0",
                    ),
                },
                AnyElement {
                    name: OPENDOCUMENT__CONFIG__CONFIG_ITEM,
                    attributes: [
                        (
                            "name",
                            "PrintCropMark",
                        ),
                        (
                            "type",
                            "short",
                        ),
                    ],
                    children: [],
                    text: Some(
                        "0",
                    ),
                },
                AnyElement {
                    name: OPENDOCUMENT__CONFIG__CONFIG_ITEM,
                    attributes: [
                        (
                            "name",
                            "BinderHoleType",
                        ),
                        (
                            "type",
                            "short",
                        ),
                    ],
                    children: [],
                    text: Some(
                        "0",
                    ),
                },
                AnyElement {
                    name: OPENDOCUMENT__CONFIG__CONFIG_ITEM,
                    attributes: [
                        (
                            "name",
                            "ZoomX",
                        ),
                        (
                            "type",
                            "short",
                        ),
                    ],
                    children: [],
                    text: Some(
                        "100",
                    ),
                },
                AnyElement {
                    name: OPENDOCUMENT__CONFIG__CONFIG_ITEM,
                    attributes: [
                        (
                            "name",
                            "ZoomY",
                        ),
                        (
                            "type",
                            "short",
                        ),
                    ],
                    children: [],
                    text: Some(
                        "100",
                    ),
                },
            ],
            text: None,
        },
    ],
    text: None,
}
