---
source: crates/hwpx/src/any_element.rs
expression: element
---
AnyElement {
    name: HANCOM__VERSION__HCF_VERSION,
    attributes: [
        (
            "tagetApplication",
            "WORDPROCESSOR",
        ),
        (
            "major",
            "5",
        ),
        (
            "minor",
            "1",
        ),
        (
            "micro",
            "0",
        ),
        (
            "buildNumber",
            "1",
        ),
        (
            "os",
            "1",
        ),
        (
            "xmlVersion",
            "1.2",
        ),
        (
            "application",
            "Hancom Office Hangul",
        ),
        (
            "appVersion",
            "10, 0, 0, 9139 WIN32LEWindows_8",
        ),
    ],
    children: [],
    text: None,
}
