---
source: crates/openhwp_parser/src/domain/text/tests.rs
expression: extend_controls
---
[
    Control(
        Extend(
            ExtendControl {
                kind: Reserved,
                pointer: [
                    0,
                    0,
                    0,
                    0,
                    0,
                    0,
                    0,
                    0,
                    0,
                    0,
                    0,
                    0,
                ],
            },
        ),
    ),
    Control(
        Extend(
            ExtendControl {
                kind: Reserved,
                pointer: [
                    0,
                    0,
                    0,
                    0,
                    0,
                    0,
                    0,
                    0,
                    0,
                    0,
                    0,
                    0,
                ],
            },
        ),
    ),
    Control(
        Extend(
            ExtendControl {
                kind: Reserved,
                pointer: [
                    0,
                    0,
                    0,
                    0,
                    0,
                    0,
                    0,
                    0,
                    0,
                    0,
                    0,
                    0,
                ],
            },
        ),
    ),
    Control(
        Extend(
            ExtendControl {
                kind: PageOrColumn,
                pointer: [
                    0,
                    0,
                    0,
                    0,
                    0,
                    0,
                    0,
                    0,
                    0,
                    0,
                    0,
                    0,
                ],
            },
        ),
    ),
    Control(
        Extend(
            ExtendControl {
                kind: FieldStart,
                pointer: [
                    0,
                    0,
                    0,
                    0,
                    0,
                    0,
                    0,
                    0,
                    0,
                    0,
                    0,
                    0,
                ],
            },
        ),
    ),
    Control(
        Extend(
            ExtendControl {
                kind: DrawingOrTable,
                pointer: [
                    0,
                    0,
                    0,
                    0,
                    0,
                    0,
                    0,
                    0,
                    0,
                    0,
                    0,
                    0,
                ],
            },
        ),
    ),
    Control(
        Extend(
            ExtendControl {
                kind: HiddenComment,
                pointer: [
                    0,
                    0,
                    0,
                    0,
                    0,
                    0,
                    0,
                    0,
                    0,
                    0,
                    0,
                    0,
                ],
            },
        ),
    ),
    Control(
        Extend(
            ExtendControl {
                kind: HeaderOrFooter,
                pointer: [
                    0,
                    0,
                    0,
                    0,
                    0,
                    0,
                    0,
                    0,
                    0,
                    0,
                    0,
                    0,
                ],
            },
        ),
    ),
    Control(
        Extend(
            ExtendControl {
                kind: FootnoteOrEndnote,
                pointer: [
                    0,
                    0,
                    0,
                    0,
                    0,
                    0,
                    0,
                    0,
                    0,
                    0,
                    0,
                    0,
                ],
            },
        ),
    ),
    Control(
        Extend(
            ExtendControl {
                kind: AutoNumber,
                pointer: [
                    0,
                    0,
                    0,
                    0,
                    0,
                    0,
                    0,
                    0,
                    0,
                    0,
                    0,
                    0,
                ],
            },
        ),
    ),
    Control(
        Extend(
            ExtendControl {
                kind: PageControl,
                pointer: [
                    0,
                    0,
                    0,
                    0,
                    0,
                    0,
                    0,
                    0,
                    0,
                    0,
                    0,
                    0,
                ],
            },
        ),
    ),
    Control(
        Extend(
            ExtendControl {
                kind: BookmarkOrIndexMark,
                pointer: [
                    0,
                    0,
                    0,
                    0,
                    0,
                    0,
                    0,
                    0,
                    0,
                    0,
                    0,
                    0,
                ],
            },
        ),
    ),
    Control(
        Extend(
            ExtendControl {
                kind: RubyOrOverlapping,
                pointer: [
                    0,
                    0,
                    0,
                    0,
                    0,
                    0,
                    0,
                    0,
                    0,
                    0,
                    0,
                    0,
                ],
            },
        ),
    ),
]
