---
source: crates/openhwp_parser/src/domain/text/tests.rs
expression: char_controls
---
[
    Control(
        Char(
            LineBreak,
        ),
    ),
    Control(
        Char(
            ParagraphBreak,
        ),
    ),
    Control(
        Char(
            Hyphen,
        ),
    ),
    Control(
        Char(
            Reserved,
        ),
    ),
    Control(
        Char(
            Reserved,
        ),
    ),
    Control(
        Char(
            Reserved,
        ),
    ),
    Control(
        Char(
            Reserved,
        ),
    ),
    Control(
        Char(
            Reserved,
        ),
    ),
    Control(
        Char(
            GroupSpace,
        ),
    ),
    Control(
        Char(
            FixedWidthSpace,
        ),
    ),
]
