---
source: crates/openhwp_parser/src/domain/text/tests.rs
expression: inline_controls
---
[
    Control(
        Inline(
            InlineControl {
                kind: FieldEnd,
                info: [
                    0,
                    0,
                    0,
                    0,
                    0,
                    0,
                    0,
                    0,
                    0,
                    0,
                    0,
                    0,
                ],
            },
        ),
    ),
    Control(
        Inline(
            InlineControl {
                kind: Reserved,
                info: [
                    0,
                    0,
                    0,
                    0,
                    0,
                    0,
                    0,
                    0,
                    0,
                    0,
                    0,
                    0,
                ],
            },
        ),
    ),
    Control(
        Inline(
            InlineControl {
                kind: Reserved,
                info: [
                    0,
                    0,
                    0,
                    0,
                    0,
                    0,
                    0,
                    0,
                    0,
                    0,
                    0,
                    0,
                ],
            },
        ),
    ),
    Control(
        Inline(
            InlineControl {
                kind: Reserved,
                info: [
                    0,
                    0,
                    0,
                    0,
                    0,
                    0,
                    0,
                    0,
                    0,
                    0,
                    0,
                    0,
                ],
            },
        ),
    ),
    Control(
        Inline(
            InlineControl {
                kind: Reserved,
                info: [
                    0,
                    0,
                    0,
                    0,
                    0,
                    0,
                    0,
                    0,
                    0,
                    0,
                    0,
                    0,
                ],
            },
        ),
    ),
    Control(
        Inline(
            InlineControl {
                kind: Reserved,
                info: [
                    0,
                    0,
                    0,
                    0,
                    0,
                    0,
                    0,
                    0,
                    0,
                    0,
                    0,
                    0,
                ],
            },
        ),
    ),
    Control(
        Inline(
            InlineControl {
                kind: TitleMark,
                info: [
                    0,
                    0,
                    0,
                    0,
                    0,
                    0,
                    0,
                    0,
                    0,
                    0,
                    0,
                    0,
                ],
            },
        ),
    ),
    Control(
        Inline(
            InlineControl {
                kind: Tab,
                info: [
                    0,
                    0,
                    0,
                    0,
                    0,
                    0,
                    0,
                    0,
                    0,
                    0,
                    0,
                    0,
                ],
            },
        ),
    ),
]
